examples/missing_scope.msg:1:5	Error	INVALID	Missing scope text.

