examples/space_after_scope.msg:1:12	Error	INVALID	illegal characters after type/scope: " "

