examples/whitespace_in_scope.msg:1:5	Error	INVALID	Scope contains whitespace.

